<html>
<body>
<pre>
<h1>µVision Build Log</h1>
<h2>Tool Versions:</h2>
IDE-Version: ¦ÌVision V5.30.0.0
Copyright (C) 2020 ARM Ltd and ARM Germany GmbH. All rights reserved.
License Information: wen wenzhibin, pyxis, LIC=IK1BF-69BRB-TGB7T-RGEF7-9GM9V-K571E
 
Tool Versions:
Toolchain:       MDK-ARM Plus  Version: 5.30.0.0
Toolchain Path:  C:\Keil_v5\ARM\ARMCC\Bin
C Compiler:      Armcc.exe V5.06 update 6 (build 750)
Assembler:       Armasm.exe V5.06 update 6 (build 750)
Linker/Locator:  ArmLink.exe V5.06 update 6 (build 750)
Library Manager: ArmAr.exe V5.06 update 6 (build 750)
Hex Converter:   FromElf.exe V5.06 update 6 (build 750)
CPU DLL:         SARMCM3.DLL V5.30.0.0
Dialog DLL:      DCM.DLL V1.17.3.0
Target DLL:      STLink\ST-LINKIII-KEIL_SWO.dll V3.0.7.0
Dialog DLL:      TCM.DLL V1.42.0.0
 
<h2>Project:</h2>
D:\cubemx_project\test1\pyxis_project1\MDK-ARM\pyxis_project1.uvprojx
Project File Date:  07/29/2020

<h2>Output:</h2>
*** Using Compiler 'V5.06 update 6 (build 750)', folder: 'C:\Keil_v5\ARM\ARMCC\Bin'
Rebuild target 'pyxis_project1'
assembling startup_stm32f103xe.s...
compiling stm32f1xx_hal_gpio_ex.c...
compiling stm32f1xx_hal_gpio.c...
compiling stm32f1xx_hal.c...
compiling stm32f1xx_hal_adc.c...
compiling stm32f1xx_hal_rcc_ex.c...
compiling stm32f1xx_hal_adc_ex.c...
compiling stm32f1xx_hal_rcc.c...
compiling stm32f1xx_hal_flash.c...
compiling stm32f1xx_hal_pwr.c...
compiling stm32f1xx_hal_exti.c...
compiling stm32f1xx_hal_flash_ex.c...
compiling stm32f1xx_hal_cortex.c...
compiling stm32f1xx_hal_dma.c...
compiling stm32f1xx_hal_spi.c...
compiling stm32f1xx_hal_tim.c...
compiling stm32f1xx_hal_tim_ex.c...
compiling main.c...
.\USER\led.h(28): warning:  #1-D: last line of file ends without a newline
  #endif
.\USER\LTC2630ISC6.h(35): warning:  #1-D: last line of file ends without a newline
  #endif
.\USER\pd.h(35): warning:  #1-D: last line of file ends without a newline
  #endif
../Core/Src/main.c(74): warning:  #177-D: variable "i"  was declared but never referenced
  	uint8_t i;
../Core/Src/main.c(75): warning:  #177-D: variable "avg_value"  was declared but never referenced
  	float avg_value[10];
../Core/Src/main.c: 5 warnings, 0 errors
compiling system_stm32f1xx.c...
compiling gpio.c...
compiling adc.c...
../Core/Src/adc.c(32): warning:  #177-D: variable "sConfig"  was declared but never referenced
    ADC_ChannelConfTypeDef sConfig = {0};
../Core/Src/adc.c: 1 warning, 0 errors
compiling stm32f1xx_hal_uart.c...
compiling spi.c...
compiling usart.c...
compiling stm32f1xx_it.c...
compiling stm32f1xx_hal_msp.c...
compiling pd.c...
USER\pd.h(35): warning:  #1-D: last line of file ends without a newline
  #endif
USER\pd.c(41): warning:  #1-D: last line of file ends without a newline
  }
USER\pd.c: 2 warnings, 0 errors
compiling LTC2630ISC6.c...
USER\LTC2630ISC6.h(35): warning:  #1-D: last line of file ends without a newline
  #endif
USER\LTC2630ISC6.c(58): warning:  #1-D: last line of file ends without a newline
  //HAL_SPI_Transmit
USER\LTC2630ISC6.c: 2 warnings, 0 errors
compiling led.c...
USER\led.h(28): warning:  #1-D: last line of file ends without a newline
  #endif
USER\led.c(96): warning:  #1-D: last line of file ends without a newline
  }
USER\led.c: 2 warnings, 0 errors
compiling value.c...
USER\pd.h(35): warning:  #1-D: last line of file ends without a newline
  #endif
USER\led.h(28): warning:  #1-D: last line of file ends without a newline
  #endif
USER\value.c: 2 warnings, 0 errors
linking...
Program Size: Code=6020 RO-data=360 RW-data=16 ZI-data=1200  
FromELF: creating hex file...
"pyxis_project1\pyxis_project1.axf" - 0 Error(s), 14 Warning(s).

<h2>Software Packages used:</h2>

Package Vendor: ARM
                http://www.keil.com/pack/ARM.CMSIS.5.7.0.pack
                ARM.CMSIS.5.7.0
                CMSIS (Cortex Microcontroller Software Interface Standard)
   * Component: CORE Version: 5.4.0

Package Vendor: Keil
                http://www.keil.com/pack/Keil.STM32F1xx_DFP.2.3.0.pack
                Keil.STM32F1xx_DFP.2.3.0
                STMicroelectronics STM32F1 Series Device Support, Drivers and Examples

<h2>Collection of Component include folders:</h2>
  .\RTE\_pyxis_project1
  C:\Users\wenzhibin\AppData\Local\Arm\Packs\ARM\CMSIS\5.7.0\CMSIS\Core\Include
  C:\Users\wenzhibin\AppData\Local\Arm\Packs\Keil\STM32F1xx_DFP\2.3.0\Device\Include

<h2>Collection of Component Files used:</h2>

   * Component: ARM::CMSIS:CORE:5.4.0
Build Time Elapsed:  00:00:20
</pre>
</body>
</html>
